world 64d404d8a6a8b947  728 buyers

collecting snapshots across policies:
       never-chase: 4368 snapshots
      blast-weekly: 4368 snapshots
     static-ladder: 4368 snapshots

train 7866 snapshots / holdout 5238 snapshots

==========================================================================
HOLD-OUT PERFORMANCE
Macro-F1 on recovering a latent generator variable in simulation.
NOT a real-world buyer classification result. See docs/EVALUATION.md.
==========================================================================
                   precision    recall  f1-score   support

          avoider      0.545     0.785     0.643       270
cashflow_stressed      0.877     0.923     0.899      1206
         disputer      0.786     0.816     0.801       576
       distressed      0.705     0.560     0.624       252
    process_bound      0.962     0.919     0.940      1386
           prompt      0.940     0.884     0.911      1548

         accuracy                          0.874      5238
        macro avg      0.802     0.815     0.803      5238
     weighted avg      0.882     0.874     0.876      5238

           confusion   avoider  cashflow  disputer  distress  process_    prompt
             avoider       212         0         0         0        41        17
   cashflow_stressed        33      1113         4        36         0        20
            disputer        17        32       470         0         9        48
          distressed         5       100         3       141         0         3
       process_bound        55        16        24        17      1274         0
              prompt        67         8        97         6         1      1369

The error that does human damage - distressed read as avoider: 5/252 (2.0%)

top features:
   partial_payment_rate       0.1302
   mean_days_late             0.1175
   frac_on_time               0.0802
   max_days_late              0.0745
   uses_ap_portal             0.0744
   n_disputes                 0.0732
   oldest_dpd                 0.0589
   n_open_invoices            0.0343
   n_document_requests        0.0333
   n_payment_claims           0.0329

model -> artifacts/models/archetype.pkl
